// Jest Snapshot v1, https://goo.gl/fbAQLP

exports[`MarketCapComponent snapshot 1`] = `
<div
  className="bg-gray-100 h-full w-full md:w-1/4 rounded-lg shadow-lg py-3 lg:py-6"
>
  <h1
    className="text-lg lg:text-xl font-semibold px-4"
  >
    Cryptocurrency by
    <br />
    market cap
  </h1>
  <div
    className="flex flex-col text-sm"
  />
</div>
`;
